 *  Executing task in folder ESP32C3-Supermini_VoxelLandscape: C:\Users\jmperez\.platformio\penv\Scripts\platformio.exe run --target upload --environment nologo_esp32c3_super_mini 

Processing nologo_esp32c3_super_mini (platform: https://github.com/pioarduino/platform-espressif32/releases/download/stable/platform-espressif32.zip; board: nologo_esp32c3_super_mini; framework: arduino)
---------------------------------------------------------------------------------------------------------------------------------------
Verbose mode can be enabled via `-v, --verbose` option
CONFIGURATION: https://docs.platformio.org/page/boards/espressif32/nologo_esp32c3_super_mini.html
PLATFORM: Espressif 32 (55.3.39) > Nologo ESP32C3 SuperMini
HARDWARE: ESP32C3 160MHz, 320KB RAM, 4MB Flash
DEBUG: Current (cmsis-dap) External (cmsis-dap, esp-bridge, esp-builtin, esp-prog, esp-prog-2, iot-bus-jtag, jlink, minimodule, olimex-arm-usb-ocd, olimex-arm-usb-ocd-h, olimex-arm-usb-tiny-h, olimex-jtag-tiny, tumpa)
PACKAGES: 
 - contrib-piohome @ 3.4.4 
 - framework-arduinoespressif32 @ 3.3.9 
 - framework-arduinoespressif32-libs @ 5.5.4+sha.735507283d 
 - tool-esptoolpy @ 5.3.0 
 - tool-riscv32-esp-elf-gdb @ 17.1.0+20260402 
 - toolchain-riscv32-esp @ 14.2.0+20260121
LDF: Library Dependency Finder -> https://bit.ly/configure-pio-ldf
LDF Modes: Finder ~ chain, Compatibility ~ soft
Found 44 compatible libraries
Scanning dependencies...
Dependency Graph
|-- LovyanGFX @ 1.2.21
Building in release mode
Compiling .pio\build\nologo_esp32c3_super_mini\src\main.cpp.o
src/main.cpp: In function 'void setup()':
src/main.cpp:256:19: warning: 'size_t lgfx::v1::LGFXBase::drawString(const char*, int32_t, int32_t, uint8_t)' is deprecated: use IFont [-Wdeprecated-declarations]
  256 |     tft.drawString("Could not allocate memory", 0, (y++)*16, 2);  // Draw text using font 2
      |     ~~~~~~~~~~~~~~^~~~~~~~~~~~~~~~~~~~~~~~~~~~~~~~~~~~~~~~~~~~~
In file included from .pio/libdeps/nologo_esp32c3_super_mini/LovyanGFX/src/lgfx/v1_init.hpp:27,
                 from .pio/libdeps/nologo_esp32c3_super_mini/LovyanGFX/src/LovyanGFX.hpp:25,
                 from include/LGFX.hpp:3,
                 from src/main.cpp:13:
.pio/libdeps/nologo_esp32c3_super_mini/LovyanGFX/src/lgfx/v1/LGFXBase.hpp:718:19: note: declared here
  718 |     inline size_t drawString(const char *string, int32_t x, int32_t y, uint8_t      font) { return draw_string(string, x, y, _text_style.datum, fontdata[font]); }
      |                   ^~~~~~~~~~
src/main.cpp:257:19: warning: 'size_t lgfx::v1::LGFXBase::drawString(const String&, int32_t, int32_t, uint8_t)' is deprecated: use IFont [-Wdeprecated-declarations]
  257 |     tft.drawString(String("Free heap: ") + ESP.getFreeHeap(), 0, (y++)*16, 2);
      |     ~~~~~~~~~~~~~~^~~~~~~~~~~~~~~~~~~~~~~~~~~~~~~~~~~~~~~~~~~~~~~~~~~~~~~~~~~
.pio/libdeps/nologo_esp32c3_super_mini/LovyanGFX/src/lgfx/v1/LGFXBase.hpp:748:19: note: declared here
  748 |     inline size_t drawString(const String& string, int32_t x, int32_t y, uint8_t      font) { return draw_string(string.c_str(), x, y, _text_style.datum, fontdata[font]); }
      |                   ^~~~~~~~~~
src/main.cpp:258:19: warning: 'size_t lgfx::v1::LGFXBase::drawString(const String&, int32_t, int32_t, uint8_t)' is deprecated: use IFont [-Wdeprecated-declarations]
  258 |     tft.drawString(String("Largest block: ") + heap_caps_get_largest_free_block(MALLOC_CAP_8BIT), 0, (y++)*16, 2);
      |     ~~~~~~~~~~~~~~^~~~~~~~~~~~~~~~~~~~~~~~~~~~~~~~~~~~~~~~~~~~~~~~~~~~~~~~~~~~~~~~~~~~~~~~~~~~~~~~~~~~~~~~~~~~~~~
.pio/libdeps/nologo_esp32c3_super_mini/LovyanGFX/src/lgfx/v1/LGFXBase.hpp:748:19: note: declared here
  748 |     inline size_t drawString(const String& string, int32_t x, int32_t y, uint8_t      font) { return draw_string(string.c_str(), x, y, _text_style.datum, fontdata[font]); }
      |                   ^~~~~~~~~~
src/main.cpp:259:19: warning: 'size_t lgfx::v1::LGFXBase::drawString(const String&, int32_t, int32_t, uint8_t)' is deprecated: use IFont [-Wdeprecated-declarations]
  259 |     tft.drawString(String("rgbBuffer=0x") + String((uint32_t)rgbBuffer, HEX), 0, (y++)*16, 2);
      |     ~~~~~~~~~~~~~~^~~~~~~~~~~~~~~~~~~~~~~~~~~~~~~~~~~~~~~~~~~~~~~~~~~~~~~~~~~~~~~~~~~~~~~~~~~
.pio/libdeps/nologo_esp32c3_super_mini/LovyanGFX/src/lgfx/v1/LGFXBase.hpp:748:19: note: declared here
  748 |     inline size_t drawString(const String& string, int32_t x, int32_t y, uint8_t      font) { return draw_string(string.c_str(), x, y, _text_style.datum, fontdata[font]); }
      |                   ^~~~~~~~~~
src/main.cpp:260:19: warning: 'size_t lgfx::v1::LGFXBase::drawString(const String&, int32_t, int32_t, uint8_t)' is deprecated: use IFont [-Wdeprecated-declarations]
  260 |     tft.drawString(String("pixels=0x") + String((uint32_t)pixels, HEX), 0, (y++)*16, 2);
      |     ~~~~~~~~~~~~~~^~~~~~~~~~~~~~~~~~~~~~~~~~~~~~~~~~~~~~~~~~~~~~~~~~~~~~~~~~~~~~~~~~~~~
.pio/libdeps/nologo_esp32c3_super_mini/LovyanGFX/src/lgfx/v1/LGFXBase.hpp:748:19: note: declared here
  748 |     inline size_t drawString(const String& string, int32_t x, int32_t y, uint8_t      font) { return draw_string(string.c_str(), x, y, _text_style.datum, fontdata[font]); }
      |                   ^~~~~~~~~~
Linking .pio\build\nologo_esp32c3_super_mini\firmware.elf
Firmware metrics can not be shown. Set the terminal codepage to "utf-8" or "cp65001" on Windows.
Retrieving maximum program size .pio\build\nologo_esp32c3_super_mini\firmware.elf
Checking size .pio\build\nologo_esp32c3_super_mini\firmware.elf
Advanced Memory Usage is available via "PlatformIO Home > Project Inspect"
RAM:   [          ]   4.7% (used 15504 bytes from 327680 bytes)
Flash: [=====     ]  45.8% (used 1439646 bytes from 3145728 bytes)
Building .pio\build\nologo_esp32c3_super_mini\firmware.bin
esptool v5.3.0
Creating ESP32-C3 image...
Merged 2 ELF sections.
Successfully created ESP32-C3 image.
Creating binary "firmware.factory.bin" with:
    Offset   | File
 -  0x0000   | bootloader.bin
 -  0x8000   | partitions.bin
 -  0xe000   | boot_app0.bin
 -  0x10000  | firmware.bin
Successfully created combined binary image.
Configuring upload protocol...
AVAILABLE: cmsis-dap, esp-bridge, esp-builtin, esp-prog, esp-prog-2, espota, esptool, iot-bus-jtag, jlink, minimodule, olimex-arm-usb-ocd, olimex-arm-usb-ocd-h, olimex-arm-usb-tiny-h, olimex-jtag-tiny, tumpa
CURRENT: upload_protocol = esptool
Looking for upload port...
Auto-detected: COM7
Uploading .pio\build\nologo_esp32c3_super_mini\firmware.bin
esptool v5.3.0
Serial port COM7:
Connecting...
Connected to ESP32-C3 on COM7:
Chip type:          ESP32-C3 (QFN32) (revision v0.4)
Features:           Wi-Fi, BT 5 (LE), Single Core, 160MHz, Embedded Flash 4MB (XMC)
Crystal frequency:  40MHz
USB mode:           USB-Serial/JTAG
MAC:                40:4c:ca:3c:25:b8

Uploading stub flasher...
Running stub flasher...
Stub flasher running.
Changing baud rate to 460800...
Changed.

Configuring flash size...
Auto-detected flash size: 4MB

Writing 'C:\DIY\public\ESP32C3-Supermini_VoxelLandscape\.pio\build\nologo_esp32c3_super_mini\bootloader.bin' at 0x00000000...
SHA digest in image updated.
Flash will be erased from 0x00000000 to 0x00004fff...
Compressed 19520 bytes to 12705...

Writing at 0x00000000 [░░░░░░░░░░░░░░░░░░░░░░░░░░░░░░]   0.0% 0/12705 bytes... 

Writing at 0x00004c40 [██████████████████████████████] 100.0% 12705/12705 bytes... 
Wrote 19520 bytes (12705 compressed) at 0x00000000 in 0.2 seconds (902.5 kbit/s).
Verifying written data...
Hash of data verified.

Writing 'C:\DIY\public\ESP32C3-Supermini_VoxelLandscape\.pio\build\nologo_esp32c3_super_mini\partitions.bin' at 0x00008000...
Flash will be erased from 0x00008000 to 0x00008fff...
Compressed 3072 bytes to 137...

Writing at 0x00008000 [░░░░░░░░░░░░░░░░░░░░░░░░░░░░░░]   0.0% 0/137 bytes... 

Writing at 0x00008c00 [██████████████████████████████] 100.0% 137/137 bytes... 
Wrote 3072 bytes (137 compressed) at 0x00008000 in 0.0 seconds (3298.3 kbit/s).
Verifying written data...
Hash of data verified.

Writing 'C:\Users\jmperez\.platformio\packages\framework-arduinoespressif32\tools\partitions\boot_app0.bin' at 0x0000e000...
Flash will be erased from 0x0000e000 to 0x0000ffff...
Compressed 8192 bytes to 47...

Writing at 0x0000e000 [░░░░░░░░░░░░░░░░░░░░░░░░░░░░░░]   0.0% 0/47 bytes... 

Writing at 0x00010000 [██████████████████████████████] 100.0% 47/47 bytes... 
Wrote 8192 bytes (47 compressed) at 0x0000e000 in 0.0 seconds (1898.4 kbit/s).
Verifying written data...
Hash of data verified.

Writing '.pio\build\nologo_esp32c3_super_mini\firmware.bin' at 0x00010000...
Flash will be erased from 0x00010000 to 0x00175fff...
Compressed 1463648 bytes to 557368...

Writing at 0x00010000 [░░░░░░░░░░░░░░░░░░░░░░░░░░░░░░]   0.0% 0/557368 bytes... 

Writing at 0x0001d0c5 [░░░░░░░░░░░░░░░░░░░░░░░░░░░░░░]   2.9% 16384/557368 bytes... 

Writing at 0x0002b1c8 [█░░░░░░░░░░░░░░░░░░░░░░░░░░░░░]   5.9% 32768/557368 bytes... 

Writing at 0x000391c0 [██░░░░░░░░░░░░░░░░░░░░░░░░░░░░]   8.8% 49152/557368 bytes... 

Writing at 0x00042880 [███░░░░░░░░░░░░░░░░░░░░░░░░░░░]  11.8% 65536/557368 bytes... 

Writing at 0x0004b5ad [████░░░░░░░░░░░░░░░░░░░░░░░░░░]  14.7% 81920/557368 bytes... 

Writing at 0x00055ca4 [█████░░░░░░░░░░░░░░░░░░░░░░░░░]  17.6% 98304/557368 bytes... 

Writing at 0x0006418c [██████░░░░░░░░░░░░░░░░░░░░░░░░]  20.6% 114688/557368 bytes... 

Writing at 0x00072ced [███████░░░░░░░░░░░░░░░░░░░░░░░]  23.5% 131072/557368 bytes... 

Writing at 0x0007e50b [███████░░░░░░░░░░░░░░░░░░░░░░░]  26.5% 147456/557368 bytes... 

Writing at 0x0008893b [████████░░░░░░░░░░░░░░░░░░░░░░]  29.4% 163840/557368 bytes... 

Writing at 0x00094a26 [█████████░░░░░░░░░░░░░░░░░░░░░]  32.3% 180224/557368 bytes... 

Writing at 0x000a06fa [██████████░░░░░░░░░░░░░░░░░░░░]  35.3% 196608/557368 bytes... 

Writing at 0x000ac630 [███████████░░░░░░░░░░░░░░░░░░░]  38.2% 212992/557368 bytes... 

Writing at 0x000b758e [████████████░░░░░░░░░░░░░░░░░░]  41.2% 229376/557368 bytes... 

Writing at 0x000c2d68 [█████████████░░░░░░░░░░░░░░░░░]  44.1% 245760/557368 bytes... 

Writing at 0x000cfc69 [██████████████░░░░░░░░░░░░░░░░]  47.0% 262144/557368 bytes... 

Writing at 0x000e160e [██████████████░░░░░░░░░░░░░░░░]  50.0% 278528/557368 bytes... 

Writing at 0x000f2ae1 [███████████████░░░░░░░░░░░░░░░]  52.9% 294912/557368 bytes... 

Writing at 0x000ffaf9 [████████████████░░░░░░░░░░░░░░]  55.9% 311296/557368 bytes... 

Writing at 0x0010b338 [█████████████████░░░░░░░░░░░░░]  58.8% 327680/557368 bytes... 

Writing at 0x00117de7 [██████████████████░░░░░░░░░░░░]  61.7% 344064/557368 bytes... 

Writing at 0x00124af2 [███████████████████░░░░░░░░░░░]  64.7% 360448/557368 bytes... 

Writing at 0x0012df9c [████████████████████░░░░░░░░░░]  67.6% 376832/557368 bytes... 

Writing at 0x001340d1 [█████████████████████░░░░░░░░░]  70.5% 393216/557368 bytes... 

Writing at 0x0013a70b [██████████████████████░░░░░░░░]  73.5% 409600/557368 bytes... 

Writing at 0x00141e78 [██████████████████████░░░░░░░░]  76.4% 425984/557368 bytes... 

Writing at 0x00147e09 [███████████████████████░░░░░░░]  79.4% 442368/557368 bytes... 

Writing at 0x0014e292 [████████████████████████░░░░░░]  82.3% 458752/557368 bytes... 

Writing at 0x0015505c [█████████████████████████░░░░░]  85.2% 475136/557368 bytes... 

Writing at 0x0015ac9b [██████████████████████████░░░░]  88.2% 491520/557368 bytes... 

Writing at 0x00160d44 [███████████████████████████░░░]  91.1% 507904/557368 bytes... 

Writing at 0x00168d43 [████████████████████████████░░]  94.1% 524288/557368 bytes... 

Writing at 0x0016f087 [█████████████████████████████░]  97.0% 540672/557368 bytes... 

Writing at 0x0017534c [█████████████████████████████░]  99.9% 557056/557368 bytes... 

Writing at 0x00175560 [██████████████████████████████] 100.0% 557368/557368 bytes... 
Wrote 1463648 bytes (557368 compressed) at 0x00010000 in 4.4 seconds (2641.2 kbit/s).
Verifying written data...
Hash of data verified.

Hard resetting via RTS pin...
==================================================== [SUCCESS] Took 25.76 seconds ====================================================
 *  Terminal will be reused by tasks, press any key to close it. 

 *  Executing task in folder ESP32C3-Supermini_VoxelLandscape: C:\Users\jmperez\.platformio\penv\Scripts\platformio.exe run --target upload --environment nologo_esp32c3_super_mini 

Processing nologo_esp32c3_super_mini (platform: https://github.com/pioarduino/platform-espressif32/releases/download/stable/platform-espressif32.zip; board: nologo_esp32c3_super_mini; framework: arduino)
---------------------------------------------------------------------------------------------------------------------------------------
Verbose mode can be enabled via `-v, --verbose` option
CONFIGURATION: https://docs.platformio.org/page/boards/espressif32/nologo_esp32c3_super_mini.html
PLATFORM: Espressif 32 (55.3.39) > Nologo ESP32C3 SuperMini
HARDWARE: ESP32C3 160MHz, 320KB RAM, 4MB Flash
DEBUG: Current (cmsis-dap) External (cmsis-dap, esp-bridge, esp-builtin, esp-prog, esp-prog-2, iot-bus-jtag, jlink, minimodule, olimex-arm-usb-ocd, olimex-arm-usb-ocd-h, olimex-arm-usb-tiny-h, olimex-jtag-tiny, tumpa)
PACKAGES: 
 - contrib-piohome @ 3.4.4 
 - framework-arduinoespressif32 @ 3.3.9 
 - framework-arduinoespressif32-libs @ 5.5.4+sha.735507283d 
 - tool-esptoolpy @ 5.3.0 
 - tool-riscv32-esp-elf-gdb @ 17.1.0+20260402 
 - toolchain-riscv32-esp @ 14.2.0+20260121
LDF: Library Dependency Finder -> https://bit.ly/configure-pio-ldf
LDF Modes: Finder ~ chain, Compatibility ~ soft
Found 44 compatible libraries
Scanning dependencies...
Dependency Graph
|-- LovyanGFX @ 1.2.21
Building in release mode
Compiling .pio\build\nologo_esp32c3_super_mini\src\main.cpp.o
src/main.cpp: In function 'void setup()':
src/main.cpp:244:19: warning: 'size_t lgfx::v1::LGFXBase::drawString(const char*, int32_t, int32_t, uint8_t)' is deprecated: use IFont [-Wdeprecated-declarations]
  244 |     tft.drawString("Could not allocate memory", 0, (y++)*16, 2);  // Draw text using font 2
      |     ~~~~~~~~~~~~~~^~~~~~~~~~~~~~~~~~~~~~~~~~~~~~~~~~~~~~~~~~~~~
In file included from .pio/libdeps/nologo_esp32c3_super_mini/LovyanGFX/src/lgfx/v1_init.hpp:27,
                 from .pio/libdeps/nologo_esp32c3_super_mini/LovyanGFX/src/LovyanGFX.hpp:25,
                 from include/LGFX.hpp:3,
                 from src/main.cpp:13:
.pio/libdeps/nologo_esp32c3_super_mini/LovyanGFX/src/lgfx/v1/LGFXBase.hpp:718:19: note: declared here
  718 |     inline size_t drawString(const char *string, int32_t x, int32_t y, uint8_t      font) { return draw_string(string, x, y, _text_style.datum, fontdata[font]); }
      |                   ^~~~~~~~~~
src/main.cpp:245:19: warning: 'size_t lgfx::v1::LGFXBase::drawString(const String&, int32_t, int32_t, uint8_t)' is deprecated: use IFont [-Wdeprecated-declarations]
  245 |     tft.drawString(String("Free heap: ") + ESP.getFreeHeap(), 0, (y++)*16, 2);
      |     ~~~~~~~~~~~~~~^~~~~~~~~~~~~~~~~~~~~~~~~~~~~~~~~~~~~~~~~~~~~~~~~~~~~~~~~~~
.pio/libdeps/nologo_esp32c3_super_mini/LovyanGFX/src/lgfx/v1/LGFXBase.hpp:748:19: note: declared here
  748 |     inline size_t drawString(const String& string, int32_t x, int32_t y, uint8_t      font) { return draw_string(string.c_str(), x, y, _text_style.datum, fontdata[font]); }
      |                   ^~~~~~~~~~
src/main.cpp:246:19: warning: 'size_t lgfx::v1::LGFXBase::drawString(const String&, int32_t, int32_t, uint8_t)' is deprecated: use IFont [-Wdeprecated-declarations]
  246 |     tft.drawString(String("Largest block: ") + heap_caps_get_largest_free_block(MALLOC_CAP_8BIT), 0, (y++)*16, 2);
      |     ~~~~~~~~~~~~~~^~~~~~~~~~~~~~~~~~~~~~~~~~~~~~~~~~~~~~~~~~~~~~~~~~~~~~~~~~~~~~~~~~~~~~~~~~~~~~~~~~~~~~~~~~~~~~~
.pio/libdeps/nologo_esp32c3_super_mini/LovyanGFX/src/lgfx/v1/LGFXBase.hpp:748:19: note: declared here
  748 |     inline size_t drawString(const String& string, int32_t x, int32_t y, uint8_t      font) { return draw_string(string.c_str(), x, y, _text_style.datum, fontdata[font]); }
      |                   ^~~~~~~~~~
src/main.cpp:247:19: warning: 'size_t lgfx::v1::LGFXBase::drawString(const String&, int32_t, int32_t, uint8_t)' is deprecated: use IFont [-Wdeprecated-declarations]
  247 |     tft.drawString(String("rgbBuffer=0x") + String((uint32_t)rgbBuffer, HEX), 0, (y++)*16, 2);
      |     ~~~~~~~~~~~~~~^~~~~~~~~~~~~~~~~~~~~~~~~~~~~~~~~~~~~~~~~~~~~~~~~~~~~~~~~~~~~~~~~~~~~~~~~~~
.pio/libdeps/nologo_esp32c3_super_mini/LovyanGFX/src/lgfx/v1/LGFXBase.hpp:748:19: note: declared here
  748 |     inline size_t drawString(const String& string, int32_t x, int32_t y, uint8_t      font) { return draw_string(string.c_str(), x, y, _text_style.datum, fontdata[font]); }
      |                   ^~~~~~~~~~
src/main.cpp:248:19: warning: 'size_t lgfx::v1::LGFXBase::drawString(const String&, int32_t, int32_t, uint8_t)' is deprecated: use IFont [-Wdeprecated-declarations]
  248 |     tft.drawString(String("pixels=0x") + String((uint32_t)pixels, HEX), 0, (y++)*16, 2);
      |     ~~~~~~~~~~~~~~^~~~~~~~~~~~~~~~~~~~~~~~~~~~~~~~~~~~~~~~~~~~~~~~~~~~~~~~~~~~~~~~~~~~~
.pio/libdeps/nologo_esp32c3_super_mini/LovyanGFX/src/lgfx/v1/LGFXBase.hpp:748:19: note: declared here
  748 |     inline size_t drawString(const String& string, int32_t x, int32_t y, uint8_t      font) { return draw_string(string.c_str(), x, y, _text_style.datum, fontdata[font]); }
      |                   ^~~~~~~~~~
Linking .pio\build\nologo_esp32c3_super_mini\firmware.elf
Firmware metrics can not be shown. Set the terminal codepage to "utf-8" or "cp65001" on Windows.
Retrieving maximum program size .pio\build\nologo_esp32c3_super_mini\firmware.elf
Checking size .pio\build\nologo_esp32c3_super_mini\firmware.elf
Advanced Memory Usage is available via "PlatformIO Home > Project Inspect"
RAM:   [          ]   4.7% (used 15504 bytes from 327680 bytes)
Flash: [=====     ]  45.8% (used 1439454 bytes from 3145728 bytes)
Building .pio\build\nologo_esp32c3_super_mini\firmware.bin
esptool v5.3.0
Creating ESP32-C3 image...
Merged 2 ELF sections.
Successfully created ESP32-C3 image.
Creating binary "firmware.factory.bin" with:
    Offset   | File
 -  0x0000   | bootloader.bin
 -  0x8000   | partitions.bin
 -  0xe000   | boot_app0.bin
 -  0x10000  | firmware.bin
Successfully created combined binary image.
Configuring upload protocol...
AVAILABLE: cmsis-dap, esp-bridge, esp-builtin, esp-prog, esp-prog-2, espota, esptool, iot-bus-jtag, jlink, minimodule, olimex-arm-usb-ocd, olimex-arm-usb-ocd-h, olimex-arm-usb-tiny-h, olimex-jtag-tiny, tumpa
CURRENT: upload_protocol = esptool
Looking for upload port...
Auto-detected: COM7
Uploading .pio\build\nologo_esp32c3_super_mini\firmware.bin
esptool v5.3.0
Serial port COM7:
Connecting...
Connected to ESP32-C3 on COM7:
Chip type:          ESP32-C3 (QFN32) (revision v0.4)
Features:           Wi-Fi, BT 5 (LE), Single Core, 160MHz, Embedded Flash 4MB (XMC)
Crystal frequency:  40MHz
USB mode:           USB-Serial/JTAG
MAC:                40:4c:ca:3c:25:b8

Uploading stub flasher...
Running stub flasher...
Stub flasher running.
Changing baud rate to 460800...
Changed.

Configuring flash size...
Auto-detected flash size: 4MB

Writing 'C:\DIY\public\ESP32C3-Supermini_VoxelLandscape\.pio\build\nologo_esp32c3_super_mini\bootloader.bin' at 0x00000000...
SHA digest in image updated.
Flash will be erased from 0x00000000 to 0x00004fff...
Compressed 19520 bytes to 12705...

Writing at 0x00000000 [░░░░░░░░░░░░░░░░░░░░░░░░░░░░░░]   0.0% 0/12705 bytes... 

Writing at 0x00004c40 [██████████████████████████████] 100.0% 12705/12705 bytes... 
Wrote 19520 bytes (12705 compressed) at 0x00000000 in 0.2 seconds (883.7 kbit/s).
Verifying written data...
Hash of data verified.

Writing 'C:\DIY\public\ESP32C3-Supermini_VoxelLandscape\.pio\build\nologo_esp32c3_super_mini\partitions.bin' at 0x00008000...
Flash will be erased from 0x00008000 to 0x00008fff...
Compressed 3072 bytes to 137...

Writing at 0x00008000 [░░░░░░░░░░░░░░░░░░░░░░░░░░░░░░]   0.0% 0/137 bytes... 

Writing at 0x00008c00 [██████████████████████████████] 100.0% 137/137 bytes... 
Wrote 3072 bytes (137 compressed) at 0x00008000 in 0.0 seconds (3342.3 kbit/s).
Verifying written data...
Hash of data verified.

Writing 'C:\Users\jmperez\.platformio\packages\framework-arduinoespressif32\tools\partitions\boot_app0.bin' at 0x0000e000...
Flash will be erased from 0x0000e000 to 0x0000ffff...
Compressed 8192 bytes to 47...

Writing at 0x0000e000 [░░░░░░░░░░░░░░░░░░░░░░░░░░░░░░]   0.0% 0/47 bytes... 

Writing at 0x00010000 [██████████████████████████████] 100.0% 47/47 bytes... 
Wrote 8192 bytes (47 compressed) at 0x0000e000 in 0.0 seconds (1951.9 kbit/s).
Verifying written data...
Hash of data verified.

Writing '.pio\build\nologo_esp32c3_super_mini\firmware.bin' at 0x00010000...
Flash will be erased from 0x00010000 to 0x00175fff...
Compressed 1463456 bytes to 557203...

Writing at 0x00010000 [░░░░░░░░░░░░░░░░░░░░░░░░░░░░░░]   0.0% 0/557203 bytes... 

Writing at 0x0001d0b4 [░░░░░░░░░░░░░░░░░░░░░░░░░░░░░░]   2.9% 16384/557203 bytes... 

Writing at 0x0002b1d9 [█░░░░░░░░░░░░░░░░░░░░░░░░░░░░░]   5.9% 32768/557203 bytes... 

Writing at 0x000391ce [██░░░░░░░░░░░░░░░░░░░░░░░░░░░░]   8.8% 49152/557203 bytes... 

Writing at 0x0004287e [███░░░░░░░░░░░░░░░░░░░░░░░░░░░]  11.8% 65536/557203 bytes... 

Writing at 0x0004b599 [████░░░░░░░░░░░░░░░░░░░░░░░░░░]  14.7% 81920/557203 bytes... 

Writing at 0x00055c75 [█████░░░░░░░░░░░░░░░░░░░░░░░░░]  17.6% 98304/557203 bytes... 

Writing at 0x000641b0 [██████░░░░░░░░░░░░░░░░░░░░░░░░]  20.6% 114688/557203 bytes... 

Writing at 0x00072d22 [███████░░░░░░░░░░░░░░░░░░░░░░░]  23.5% 131072/557203 bytes... 

Writing at 0x0007e530 [███████░░░░░░░░░░░░░░░░░░░░░░░]  26.5% 147456/557203 bytes... 

Writing at 0x0008895a [████████░░░░░░░░░░░░░░░░░░░░░░]  29.4% 163840/557203 bytes... 

Writing at 0x00094a1a [█████████░░░░░░░░░░░░░░░░░░░░░]  32.3% 180224/557203 bytes... 

Writing at 0x000a070a [██████████░░░░░░░░░░░░░░░░░░░░]  35.3% 196608/557203 bytes... 

Writing at 0x000ac641 [███████████░░░░░░░░░░░░░░░░░░░]  38.2% 212992/557203 bytes... 

Writing at 0x000b75b2 [████████████░░░░░░░░░░░░░░░░░░]  41.2% 229376/557203 bytes... 

Writing at 0x000c2d97 [█████████████░░░░░░░░░░░░░░░░░]  44.1% 245760/557203 bytes... 

Writing at 0x000cfc85 [██████████████░░░░░░░░░░░░░░░░]  47.0% 262144/557203 bytes... 

Writing at 0x000e1614 [██████████████░░░░░░░░░░░░░░░░]  50.0% 278528/557203 bytes... 

Writing at 0x000f2b01 [███████████████░░░░░░░░░░░░░░░]  52.9% 294912/557203 bytes... 

Writing at 0x000ffafa [████████████████░░░░░░░░░░░░░░]  55.9% 311296/557203 bytes... 

Writing at 0x0010b350 [█████████████████░░░░░░░░░░░░░]  58.8% 327680/557203 bytes... 

Writing at 0x00117e28 [██████████████████░░░░░░░░░░░░]  61.7% 344064/557203 bytes... 

Writing at 0x00124b95 [███████████████████░░░░░░░░░░░]  64.7% 360448/557203 bytes... 

Writing at 0x0012df90 [████████████████████░░░░░░░░░░]  67.6% 376832/557203 bytes... 

Writing at 0x001340c7 [█████████████████████░░░░░░░░░]  70.6% 393216/557203 bytes... 

Writing at 0x0013a761 [██████████████████████░░░░░░░░]  73.5% 409600/557203 bytes... 

Writing at 0x00141f53 [██████████████████████░░░░░░░░]  76.5% 425984/557203 bytes... 

Writing at 0x00147e52 [███████████████████████░░░░░░░]  79.4% 442368/557203 bytes... 

Writing at 0x0014e2a1 [████████████████████████░░░░░░]  82.3% 458752/557203 bytes... 

Writing at 0x0015503c [█████████████████████████░░░░░]  85.3% 475136/557203 bytes... 

Writing at 0x0015acda [██████████████████████████░░░░]  88.2% 491520/557203 bytes... 

Writing at 0x00160d58 [███████████████████████████░░░]  91.2% 507904/557203 bytes... 

Writing at 0x00168d6c [████████████████████████████░░]  94.1% 524288/557203 bytes... 

Writing at 0x0016f0e0 [█████████████████████████████░]  97.0% 540672/557203 bytes... 

Writing at 0x001753bf [█████████████████████████████░] 100.0% 557056/557203 bytes... 

Writing at 0x001754a0 [██████████████████████████████] 100.0% 557203/557203 bytes... 
Wrote 1463456 bytes (557203 compressed) at 0x00010000 in 4.4 seconds (2642.6 kbit/s).
Verifying written data...
Hash of data verified.

Hard resetting via RTS pin...
==================================================== [SUCCESS] Took 26.89 seconds ====================================================
 *  Terminal will be reused by tasks, press any key to close it. 
